"","V1","V2"
"1",0.499220659789029,0.834590568682191
"4",0.71367582334888,0.0945401654905059
"10",-0.24855346592638,0.68234694017604
"14",2.33545744508107,-0.497797479126173
"16",1.24459453852241,-0.184183904317935
"20",-1.04402092929623,1.95016425369856
